---
source: src/bin/creator/scaffold.rs
expression: "read(\"Cargo.toml\")"
---
[package]
name = "test_assets"
version = "0.1.0"
edition = "2024"
description = "Assets crate generated by rlvgl-creator"

[features]
default = []
embed = []
vendor = []


[dependencies]
phf = { version = "0.11", features = ["macros"], default-features = false }
