---
source: tests/bsp_silabs.rs
expression: rendered
---
pin PA0 SPI0_SCK af0
pin PA1 SPI0_MOSI af0
peripheral spi0 spi
  ctor Spi::spi0
  mosi=PA1
  sck=PA0
