---
source: tests/bsp_rp2040.rs
expression: "&spec"
---
mcu: RP2040
package: QFN56
clocks:
  pll: {}
  kernels: {}
pinctrl:
  - pin: GPIO0
    func: SPI0_SCK
    af: 0
  - pin: GPIO1
    func: SPI0_MOSI
    af: 0
peripherals:
  spi0:
    class: spi
    signals:
      sck: GPIO0
      mosi: GPIO1
