---
source: tests/bsp_ti.rs
expression: rendered
---
pin P1.5 SPI0_SCK af0
pin P1.6 SPI0_MOSI af0
peripheral spi0 spi
  ctor Spi::spi0
  mosi=P1.6
  sck=P1.5
